
> project3b@0.1.0 build
> next build

▲ Next.js 16.1.6 (Turbopack)
- Environments: .env

⚠ The "middleware" file convention is deprecated. Please use "proxy" instead. Learn more: https://nextjs.org/docs/messages/middleware-to-proxy
  Creating an optimized production build ...

> Build error occurred
Error: Turbopack build failed with 1 errors:
./src/app/globals.css
Error evaluating Node.js code
Error: Cannot find module '@tailwindcss/postcss'
Require stack:
- D:\OneBee Tech\project3b\.next\build\chunks\[root-of-the-server]__51225daf._.js
- D:\OneBee Tech\project3b\.next\build\chunks\[turbopack]_runtime.js
- D:\OneBee Tech\project3b\.next\build\postcss.js
    [at Module._resolveFilename (node:internal/modules/cjs/loader:1448:15)]
    [at defaultResolveImpl (node:internal/modules/cjs/loader:1059:19)]
    [at resolveForCJSWithHooks (node:internal/modules/cjs/loader:1064:22)]
    [at Module._load (node:internal/modules/cjs/loader:1234:25)]
    [at TracingChannel.traceSync (node:diagnostics_channel:328:14)]
    [at wrapModuleLoad (node:internal/modules/cjs/loader:245:24)]
    [at Module.require (node:internal/modules/cjs/loader:1548:12)]
    [at require (node:internal/modules/helpers:152:16)]
    at turbopack:///[turbopack-node]/transforms/postcss.ts:49:25 [D:\OneBee Tech\project3b\.next\build\chunks\[root-of-the-server]__51225daf._.js:134:33]
    [at <anonymous>]

Import trace:
  Client Component Browser:
    ./src/app/globals.css [Client Component Browser]
    ./src/app/layout.tsx [Server Component]


    at ignore-listed frames
